V3 21
FL "C:/Users/fran/Desktop/UPM/ERASMUS/CUATRIMESTRE 2/CICT - Digital Electronics 1/COUNTDOWNPROJECT_FINAL/clock_enable.vhd" 2020/04/25.17:48:30 P.20131013
FL "C:/Users/fran/Desktop/UPM/ERASMUS/CUATRIMESTRE 2/CICT - Digital Electronics 1/COUNTDOWNPROJECT_FINAL/countdown.vhd" 2020/04/27.15:10:44 P.20131013
FL "C:/Users/fran/Desktop/UPM/ERASMUS/CUATRIMESTRE 2/CICT - Digital Electronics 1/COUNTDOWNPROJECT_FINAL/diplay_tm1637.vhd" 2020/04/27.19:22:48 P.20131013
FL "C:/Users/fran/Desktop/UPM/ERASMUS/CUATRIMESTRE 2/CICT - Digital Electronics 1/COUNTDOWNPROJECT_FINAL/encoder_kyencoder.vhd" 2020/04/27.20:17:56 P.20131013
FL "C:/Users/fran/Desktop/UPM/ERASMUS/CUATRIMESTRE 2/CICT - Digital Electronics 1/COUNTDOWNPROJECT_FINAL/top_c.vhd" 2020/04/27.20:22:51 P.20131013
FL "C:/Users/fran/Desktop/UPM/ERASMUS/CUATRIMESTRE 2/CICT - Digital Electronics 1/Digital-Electronics-1/labs/COUNTDOWNPROJECT_FINAL/clock_enable.vhd" 2020/04/25.17:48:30 P.20131013
EN work/clock_enable 1588203233 \
      FL "C:/Users/fran/Desktop/UPM/ERASMUS/CUATRIMESTRE 2/CICT - Digital Electronics 1/Digital-Electronics-1/labs/COUNTDOWNPROJECT_FINAL/clock_enable.vhd" \
      PB ieee/std_logic_1164 1381692176 PB ieee/STD_LOGIC_UNSIGNED 1381692179
AR work/clock_enable/Behavioral 1588203234 \
      FL "C:/Users/fran/Desktop/UPM/ERASMUS/CUATRIMESTRE 2/CICT - Digital Electronics 1/Digital-Electronics-1/labs/COUNTDOWNPROJECT_FINAL/clock_enable.vhd" \
      EN work/clock_enable 1588203233
FL "C:/Users/fran/Desktop/UPM/ERASMUS/CUATRIMESTRE 2/CICT - Digital Electronics 1/Digital-Electronics-1/labs/COUNTDOWNPROJECT_FINAL/countdown.vhd" 2020/04/29.20:11:07 P.20131013
EN work/countdown 1588183871 \
      FL "C:/Users/fran/Desktop/UPM/ERASMUS/CUATRIMESTRE 2/CICT - Digital Electronics 1/Digital-Electronics-1/labs/COUNTDOWNPROJECT_FINAL/countdown.vhd" \
      PB ieee/std_logic_1164 1381692176 PB ieee/NUMERIC_STD 1381692181 \
      PB ieee/STD_LOGIC_UNSIGNED 1381692179
AR work/countdown/Behavioral 1588183872 \
      FL "C:/Users/fran/Desktop/UPM/ERASMUS/CUATRIMESTRE 2/CICT - Digital Electronics 1/Digital-Electronics-1/labs/COUNTDOWNPROJECT_FINAL/countdown.vhd" \
      EN work/countdown 1588183871
FL "C:/Users/fran/Desktop/UPM/ERASMUS/CUATRIMESTRE 2/CICT - Digital Electronics 1/Digital-Electronics-1/labs/COUNTDOWNPROJECT_FINAL/diplay_tm1637.vhd" 2020/04/29.21:32:03 P.20131013
EN work/display_tm1637 1588199077 \
      FL "C:/Users/fran/Desktop/UPM/ERASMUS/CUATRIMESTRE 2/CICT - Digital Electronics 1/Digital-Electronics-1/labs/COUNTDOWNPROJECT_FINAL/diplay_tm1637.vhd" \
      PB ieee/std_logic_1164 1381692176
AR work/display_tm1637/Behavioral 1588199078 \
      FL "C:/Users/fran/Desktop/UPM/ERASMUS/CUATRIMESTRE 2/CICT - Digital Electronics 1/Digital-Electronics-1/labs/COUNTDOWNPROJECT_FINAL/diplay_tm1637.vhd" \
      EN work/display_tm1637 1588199077 CP work/encoder_ky040
FL "C:/Users/fran/Desktop/UPM/ERASMUS/CUATRIMESTRE 2/CICT - Digital Electronics 1/Digital-Electronics-1/labs/COUNTDOWNPROJECT_FINAL/encoder_kyencoder.vhd" 2020/04/30.00:58:00 P.20131013
EN work/encoder_ky040 1588203235 \
      FL "C:/Users/fran/Desktop/UPM/ERASMUS/CUATRIMESTRE 2/CICT - Digital Electronics 1/Digital-Electronics-1/labs/COUNTDOWNPROJECT_FINAL/encoder_kyencoder.vhd" \
      PB ieee/std_logic_1164 1381692176 PB ieee/NUMERIC_STD 1381692181 \
      PB ieee/std_logic_arith 1381692177 PB ieee/STD_LOGIC_UNSIGNED 1381692179
AR work/encoder_ky040/Behavioral 1588203236 \
      FL "C:/Users/fran/Desktop/UPM/ERASMUS/CUATRIMESTRE 2/CICT - Digital Electronics 1/Digital-Electronics-1/labs/COUNTDOWNPROJECT_FINAL/encoder_kyencoder.vhd" \
      EN work/encoder_ky040 1588203235
FL "C:/Users/fran/Desktop/UPM/ERASMUS/CUATRIMESTRE 2/CICT - Digital Electronics 1/Digital-Electronics-1/labs/COUNTDOWNPROJECT_FINAL/top_c.vhd" 2020/04/30.01:07:18 P.20131013
EN work/top_c 1588203237 \
      FL "C:/Users/fran/Desktop/UPM/ERASMUS/CUATRIMESTRE 2/CICT - Digital Electronics 1/Digital-Electronics-1/labs/COUNTDOWNPROJECT_FINAL/top_c.vhd" \
      PB ieee/std_logic_1164 1381692176
AR work/top_c/Behavioral 1588203238 \
      FL "C:/Users/fran/Desktop/UPM/ERASMUS/CUATRIMESTRE 2/CICT - Digital Electronics 1/Digital-Electronics-1/labs/COUNTDOWNPROJECT_FINAL/top_c.vhd" \
      EN work/top_c 1588203237 AR work/clock_enable/Behavioral 1588203234 \
      AR work/encoder_ky040/Behavioral 1588203236
